=== full regression ===

 RUN  v4.1.11 /Volumes/Intel/playground/agentteams/u6-session-implementation-20261006

(node:37997) ExperimentalWarning: Transform Types is an experimental feature and might change at any time
(Use `node --trace-warnings ...` to show where the warning was created)
   Compiling proc-macro2 v1.0.107
   Compiling unicode-ident v1.0.26
   Compiling quote v1.0.47
   Compiling serde_core v1.0.229
   Compiling zmij v1.0.23
   Compiling serde v1.0.229
   Compiling serde_json v1.0.151
   Compiling itoa v1.0.18
   Compiling memchr v2.8.3
   Compiling syn v3.0.6
   Compiling serde_derive v1.0.229
   Compiling pipeline_runtime v0.1.1 (/Users/fanzhang/.local/share/dagpipe/sdk)
   Compiling teams-dagpipe-runner v0.1.0 (/Volumes/Intel/playground/agentteams/u6-session-implementation-20261006/runtime/dagpipe/.build/build-4d6Wna)
    Finished `dev` profile [unoptimized + debuginfo] target(s) in 5.38s
stderr | runtime/agent-process.spec.ts > Session host admission, cancel causality and observation > separates observation degradation from owner readiness and contains expected errors
Promise returned by `expect(actual).resolves.toMatchObject(expected)` was not awaited. Vitest currently auto-awaits hanging assertions at the end of the test, but this will cause the test to fail in the next Vitest major. Please remember to await the assertion.
    at /Volumes/Intel/playground/agentteams/u6-session-implementation-20261006/runtime/agent-process.spec.ts:1350:62

 ✓ runtime/agent-process.spec.ts (39 tests) 37688ms
   ✓ executes remote Work in an actual Agent process, rejects duplicate ownership and restarts from durable state  6387ms
   ✓ keeps an Agent with an accepted model binding but an unresolved managed executable passive and unavailable  408ms
   ✓ completes Agent-to-Agent Work between two independently started daemons without Console  353ms
   ✓ persists unknown state before refusing a restart with active Work  444ms
   ✓ recovers a stale work lock only after the previous daemon lease is reacquired  372ms
   ✓ runs real persistent Camo browser Work through current SDK graphs and restores capacity  24270ms
     ✓ keeps a multi-match assistant identity ambiguous and never confirms its cancel  5013ms
stdout | runtime/local-process.spec.ts > turns a post-ready supervisor failure into cleanup and a nonzero launcher result
local supervisor ready config=/var/folders/jm/blkk8bbd6v78rv2pwxgxh3kr0000gn/T/teams-local-process-2dcaxd/config.toml daemons=browser

 ✓ runtime/local-process.spec.ts (22 tests) 9526ms
   ✓ starts detached, reports persisted status, rejects stale stop, and survives caller return  1141ms
   ✓ keeps daemon state on the launcher generation and rejects stale writers  1175ms
   ✓ persists the detached supervisor PID during the startup window  1124ms
   ✓ fails status explicitly when a persisted endpoint projection is missing or malformed  669ms
   ✓ recovers a dead launcher before restarting and stops only exact owned descendants  1350ms
   ✓ recovers the orphaned Console child when the launcher dies abnormally  1507ms
   ✓ rejects a live PID reuse even when the persisted launcher owner record matches  639ms
   ✓ rejects a live child persisted under a different launcher generation  643ms
   ✓ rejects dead-launcher recovery when a persisted child start token does not match  685ms
   Compiling proc-macro2 v1.0.107
   Compiling unicode-ident v1.0.26
   Compiling quote v1.0.47
   Compiling serde_core v1.0.229
   Compiling zmij v1.0.23
   Compiling serde v1.0.229
   Compiling serde_json v1.0.151
   Compiling memchr v2.8.3
   Compiling itoa v1.0.18
   Compiling syn v3.0.6
   Compiling serde_derive v1.0.229
   Compiling pipeline_runtime v0.1.1 (/Users/fanzhang/.local/share/dagpipe/sdk)
   Compiling teams-dagpipe-runner v0.1.0 (/Volumes/Intel/playground/agentteams/u6-session-implementation-20261006/runtime/dagpipe/.build/build-630Axp)
    Finished `dev` profile [unoptimized + debuginfo] target(s) in 6.06s
 ✓ runtime/dagpipe-work.spec.ts (22 tests) 10599ms
     ✓ runs two real submits with distinct identities and real search results, then observes the original request without replay  484ms
     ✓ returns an explicit unknown result with retained provider responsibility when the request link drops  2060ms
 ✓ cli/package-install.spec.ts (24 tests) 58961ms
     ✓ allows declared SDK evidence and lifecycle record paths  545ms
     ✓ rejects unclassified or nested SDK record paths  814ms
     ✓ still rejects untracked product source  339ms
     ✓ still rejects unstaged tracked source  321ms
     ✓ builds one base pack root with the root version and installable layout  572ms
     ✓ packs and installs the base tarball for public CLI and Console consumers  6893ms
     ✓ records base asset success without claiming installed lifecycle evidence  13751ms
     ✓ produces the final SDK package by default  13833ms
     ✓ requires real installed start/restart lifecycle evidence  13040ms
     ✓ rejects an emitted package receipt with missing or tampered candidate identity  504ms
   Compiling proc-macro2 v1.0.107
   Compiling unicode-ident v1.0.26
   Compiling quote v1.0.47
   Compiling serde_core v1.0.229
   Compiling zmij v1.0.23
   Compiling serde_json v1.0.151
   Compiling serde v1.0.229
   Compiling memchr v2.8.3
   Compiling itoa v1.0.18
   Compiling syn v3.0.6
   Compiling serde_derive v1.0.229
   Compiling pipeline_runtime v0.1.1 (/Users/fanzhang/.local/share/dagpipe/sdk)
   Compiling teams-dagpipe-runner v0.1.0 (/Volumes/Intel/playground/agentteams/u6-session-implementation-20261006/runtime/dagpipe/.build/build-ZqTMP9)
    Finished `dev` profile [unoptimized + debuginfo] target(s) in 7.61s
 ✓ runtime/local-work-real-entry.spec.ts (1 test) 8150ms
   ✓ keeps public Work submit identity through the real runner and queries without replay  8149ms
 ✓ runtime/dagpipe-build.spec.ts (1 test) 8858ms
     ✓ keeps two concurrent native build consumers immutable and usable  8729ms
 ✓ runtime/managed-opencode-session.spec.ts (1 test) 7609ms
   ✓ sends one real OpenCode Session request through the selected managed provider  7608ms
 ✓ ui/teams-console/tests/focus-dom.spec.ts (1 test) 9541ms
     ✓ moves outside focus into the drawer and wraps forward and backward Tab  9540ms
 ✓ cli/agentteams.spec.ts (24 tests) 5910ms
     ✓ init writes v3 user intent, runtime-owned TLS and internal v2 state, then refuses to overwrite it  728ms
     ✓ direct node entry avoids source TS parameter properties and writes internal v2 from built runtime artifacts  660ms
 ✓ runtime/console-process.spec.ts (8 tests) 5781ms
   ✓ starts an enabled Console child, persists real lifecycle facts, and stops only Console  717ms
   ✓ persists a typed failure and starts no child when the credential env is missing  888ms
   ✓ reports a typed failure and preserves the persisted port when the Console port is occupied  2240ms
   ✓ rejects a stale Console generation without rewriting durable facts  695ms
   ✓ serializes Console start and stop so a queued stop cannot be overtaken by a late start  461ms
   ✓ never spawns a second Console child while it still owns a live one  422ms
   ✓ rejects a disabled Console without writing a runtime row  308ms
 ✓ runtime/local-two-agent.spec.ts (1 test) 4943ms
   ✓ starts two independent daemons from v3 config.toml, publishes enabled services and restarts cleanly  4941ms
 ✓ runtime/local-relay-bridge.spec.ts (1 test) 4209ms
   ✓ replays a config-driven local Relay bridge across independent daemon processes  4208ms
 ✓ runtime/local-supervisor.spec.ts (9 tests) 2729ms
   ✓ starts relay before enabled daemons and stops the owned children reentrantly  992ms
   ✓ does not report running when a child exits immediately after readiness  374ms
   ✓ rejects startup when an earlier ready child exits during a later child startup  317ms
   ✓ does not publish stopped when the final status projection cannot be written  439ms
   ✓ stops without waiting for a receiver that never answers an in-flight Work request  324ms
 ✓ runtime/managed-config-live.spec.ts (1 test) 3563ms
   ✓ applies accepted Teams config to a real isolated OpenCode child and reads effective revision  3561ms
 ✓ agent/work-resource.spec.ts (24 tests) 1106ms
 ✓ runtime/local-config.spec.ts (36 tests) 1795ms
   ✓ serializes concurrent internal state and Work control updates without dropping either field  337ms
 ✓ server/relay.spec.ts (20 tests) 913ms
 ✓ cli-adapter/fixed-process.spec.ts (6 tests) 1363ms
     ✓ reports a real child stdin close as an explicit process error  575ms
 ✓ runtime/console-runtime.spec.ts (1 test) 459ms
   ✓ owns an authenticated HTTPS listener and releases its relay registration on stop  458ms
 ✓ agent-host/work-host.spec.ts (7 tests) 581ms
 ✓ agent-host/cli-executor.spec.ts (10 tests) 771ms
   ✓ keeps a successful local browser destruction fact for a repeated close  420ms
 ✓ network/relay-client.spec.ts (21 tests) 790ms
 ✓ network/wss-connection.spec.ts (25 tests) 325ms
 ✓ server/relay-process.spec.ts (6 tests) 590ms
   ✓ starts, admits, lists, exits, and restarts through the real Node entrypoint  460ms
 ✓ console-host/tests/server.spec.ts (1 test) 45ms
 ✓ runtime/managed-opencode.spec.ts (3 tests) 270ms
 ✓ runtime/managed-config-owner.spec.ts (7 tests) 187ms
 ✓ network/direct-listener.spec.ts (8 tests) 223ms
 ✓ runtime/agent-daemon.spec.ts (10 tests) 213ms
 ✓ runtime/console-config.spec.ts (5 tests) 101ms
stdout | runtime/local-work-control.spec.ts
u4-socket-receipt /Volumes/Intel/playground/agentteams/u6-session-implementation-20261006/generated/u4-receipts/local-work-control-yIRlRf/socket-evidence.json

 ✓ runtime/local-work-control.spec.ts (16 tests) 132ms
 ✓ agent/relation-graph.spec.ts (6 tests) 35ms
 ✓ config/provider-model-client.spec.ts (18 tests) 81ms
 ✓ network/console-channel.spec.ts (2 tests) 48ms
 ✓ console-host/tests/http-api.spec.ts (4 tests) 54ms
 ✓ ui/teams-console/tests/api.spec.ts (10 tests) 40ms
 ✓ cli-adapter/search-cli.spec.ts (5 tests) 12ms
 ✓ opencode-adapter/tests/index.spec.ts (41 tests) 39ms
 ✓ runtime/agent-process-config.spec.ts (5 tests) 34ms
 ✓ config/runtime-config.spec.ts (14 tests) 20ms
 ✓ runtime/console-hub.spec.ts (9 tests) 19ms
 ✓ server/deployment-contract.spec.ts (4 tests) 42ms
 ✓ runtime/agent-work-client.spec.ts (13 tests) 29ms
 ✓ control-protocol/console-api.spec.ts (6 tests) 15ms
 ✓ control-protocol/console-wire.spec.ts (4 tests) 14ms
 ✓ ui/teams-console/tests/controller.spec.ts (14 tests) 16ms
 ✓ cli-adapter/browser-cli.spec.ts (6 tests) 20ms
 ✓ agent-host/console-ingress.spec.ts (4 tests) 14ms
 ✓ agent/agent-boundary.spec.ts (1 test) 4ms
 ✓ server/directory.spec.ts (5 tests) 8ms
 ✓ ui/teams-console/tests/boundary.spec.ts (7 tests) 7ms
 ✓ endpoint/registry.spec.ts (7 tests) 7ms
 ✓ control-protocol/work-wire.spec.ts (5 tests) 6ms
 ✓ control-protocol/relay-codec.spec.ts (5 tests) 7ms
 ✓ control-protocol/frames.spec.ts (13 tests) 11ms
 ✓ control-protocol/agent-message.spec.ts (14 tests) 6ms
 ✓ network/account-directory.spec.ts (6 tests) 6ms
 ✓ server/endpoint-discovery.spec.ts (4 tests) 6ms
 ✓ control-protocol/endpoint-ref.spec.ts (5 tests) 9ms
 ✓ network/host-registration.spec.ts (4 tests) 9ms
 ✓ runtime/daemon-runtime.spec.ts (7 tests) 6ms
 ✓ network/peer-route.spec.ts (7 tests) 12ms
 ✓ control-protocol/channel-state.spec.ts (8 tests) 5ms
 ✓ ui/teams-console/tests/model.spec.ts (7 tests) 12ms
 ✓ agent-host/agent-host.spec.ts (2 tests) 11ms
 ✓ network/route-plan.spec.ts (6 tests) 6ms
 ✓ memory-plugin/memory-record.spec.ts (2 tests) 6ms
 ✓ network/session-channel-registry.spec.ts (4 tests) 4ms
 ✓ agent/notification-projection.spec.ts (3 tests) 5ms
 ✓ console-host/tests/auth.spec.ts (1 test) 4ms
 ✓ network/target-transport.spec.ts (3 tests) 4ms
 ✓ cli-adapter/cli.spec.ts (2 tests) 4ms
 ✓ control-protocol/relation-report.spec.ts (2 tests) 6ms
 ✓ config/config-boundary.spec.ts (3 tests) 3ms
 ✓ opencode-adapter/tests/managed-config.spec.ts (3 tests) 4ms
 ✓ search-plugin/search-index.spec.ts (2 tests) 3ms
 ✓ network/link.spec.ts (2 tests) 10ms
 ✓ runtime/console-work-projection.spec.ts (1 test) 3ms
 ✓ server/admission.spec.ts (2 tests) 5ms
 ✓ ui/teams-console/tests/contract-compat.spec.ts (2 tests) 3ms
 ✓ ui/teams-console/tests/locale.spec.ts (1 test) 3ms

 Test Files  81 passed (81)
      Tests  672 passed (672)
   Start at  10:59:48
   Duration  106.02s (transform 3.74s, setup 0ms, import 6.73s, tests 188.67s, environment 6ms)

REGRESSION_EXIT=0
