{
  "artifact_hash": "sha256:2734254db4928007e594ca42ce0da74a2bff8a6563ccbb8e19f16d24671322c8",
  "artifact_paths": [
    "opencode-adapter/index.mjs",
    "opencode-adapter/index.d.mts",
    "console-host/index.mjs",
    "console-host/index.d.mts",
    "static/console.html",
    "static/console-entry.js",
    "runtime/network/wss-connection.js",
    "runtime/network/relay-login.js",
    "runtime/runtime/console-runtime.js",
    "runtime/runtime/console-process.js",
    "runtime/runtime/local-config.js",
    "runtime/runtime/local-process.js",
    "runtime/runtime/local-supervisor.js",
    "runtime/server/relay.js",
    "runtime/server/relay-process.js",
    "runtime/runtime/agent-process.js",
    "runtime/agent/work-resource.js",
    "runtime/config/runtime-config.js"
  ],
  "artifact_schema": 1,
  "artifacts": [
    {
      "hash": "sha256:0f6c343e95b128ab613a0ed9149590be8b45cbb510503dffabce9e9827dc73ff",
      "path": "opencode-adapter/index.mjs"
    },
    {
      "hash": "sha256:3d4c01d669fd3970c5b6f27f92b483d2d2be36a99f27ca84123967a015d987f3",
      "path": "opencode-adapter/index.d.mts"
    },
    {
      "hash": "sha256:5649b9da614b75aaa5556239c695088854ac45c736f1571e5d2fa39876b5f034",
      "path": "console-host/index.mjs"
    },
    {
      "hash": "sha256:7c799c1555333e50fed378d6b546db3e2cf315415b6454f263203529622e0a5f",
      "path": "console-host/index.d.mts"
    },
    {
      "hash": "sha256:2b9ebd60aab3baf1e0f93ce910db30e872884a1f0c88bc8f8962861c61820e21",
      "path": "static/console.html"
    },
    {
      "hash": "sha256:da3abef3af6da4d6119bff1e195a1b4bfca83982981e0f093943b544836f0b15",
      "path": "static/console-entry.js"
    },
    {
      "hash": "sha256:33fdd0abdebbc00597c547014a5b501300ea487c5d76db6ef219af23e47e00c3",
      "path": "runtime/network/wss-connection.js"
    },
    {
      "hash": "sha256:2542c4bcd0333a79b5f218c8a1e1f1526052f1f927582116447e9cbd09991f8b",
      "path": "runtime/network/relay-login.js"
    },
    {
      "hash": "sha256:49d83acbe1889cfe7d393fc504e57c28404851880994d54287e6634c75039c97",
      "path": "runtime/runtime/console-runtime.js"
    },
    {
      "hash": "sha256:4b795bacfb5204cc6b94e8efa9e573fe3d4de51fbba5dbe3da9fb6d672800947",
      "path": "runtime/runtime/console-process.js"
    },
    {
      "hash": "sha256:0ad63fc4a925484cd492002ac1ee37ef0413d0ae06c389cd8f80c0c4a06dd0ae",
      "path": "runtime/runtime/local-config.js"
    },
    {
      "hash": "sha256:348bece16b7ac0f26eb0828f2597c78db3b0623f11c65b95c51d76e176277b40",
      "path": "runtime/runtime/local-process.js"
    },
    {
      "hash": "sha256:a1e405c913243f0f8d85ae3abc6a64592448548cdfa6a110de7b77d0d3cc9129",
      "path": "runtime/runtime/local-supervisor.js"
    },
    {
      "hash": "sha256:797a0cbc31bcb30a3a9767f475277d805b723c6480b86bdccd1ad53e341c8ed7",
      "path": "runtime/server/relay.js"
    },
    {
      "hash": "sha256:3387737036e7c54a6b8c54c370ce6a06fff25c0e43d70aafd67e3f310d4106bf",
      "path": "runtime/server/relay-process.js"
    },
    {
      "hash": "sha256:1fee3951039767887a5e7e5ba9151e0b538dec30604b0c80e7bfb39e24828659",
      "path": "runtime/runtime/agent-process.js"
    },
    {
      "hash": "sha256:c86065ecf8128ac0c5c427803bbb135e35ea804069912d8e8f26d3acb9396902",
      "path": "runtime/agent/work-resource.js"
    },
    {
      "hash": "sha256:1844f6e3ec1327684b2dcf043f36f783a1571ca11312ba85726793d2165a835f",
      "path": "runtime/config/runtime-config.js"
    }
  ],
  "build": {
    "args": [
      "build:governance"
    ],
    "program": "pnpm",
    "working_directory": "."
  },
  "contract_hash": "sha256:f037817c4388217f158d27688dcdb55678eec4482ae99ad40055cda84bbfae74",
  "dependency_hashes": [],
  "deployment_operations": [
    "install",
    "restart"
  ],
  "module_id": "teams-source",
  "public_api_hash": "sha256:ad39614d9ff3632f2c6e05ffa9731617ebbad30f0b971b6909551ecde03d0938",
  "source_hash": "sha256:40532fe2423a70d4e4375498a75018c7929b54b899adb653c522bcae729ac265",
  "stage": "source_implemented"
}
{
  "artifact_hash": "sha256:eb17d64a2afd7ca1123acadd74d60358311bd43211f63c7099b94384bc481fde",
  "artifact_schema": 1,
  "modules": [
    {
      "active_artifact": "active/lib/teams-source/**",
      "generated_outputs": [
        "generated/modules/teams-source/**"
      ],
      "module_id": "teams-source",
      "owned_paths": [
        "agent/**",
        "agent-host/**",
        "cli-adapter/**",
        "endpoint/**",
        "config/**",
        "control-protocol/**",
        "network/**",
        "runtime/**",
        "server/**",
        "opencode-adapter/src/**",
        "opencode-adapter/tests/**",
        "opencode-adapter/separator.spec.ts",
        "opencode-adapter/package.json",
        "opencode-adapter/tsconfig.json",
        "opencode-adapter/tsdown.config.ts",
        "console-host/src/**",
        "console-host/tests/**",
        "console-host/static/**",
        "console-host/package.json",
        "console-host/tsconfig.json",
        "console-host/vitest.config.ts",
        "ui/teams-console/src/**",
        "ui/teams-console/tests/**",
        "ui/teams-console/package.json",
        "ui/teams-console/tsconfig.json",
        "ui/teams-console/vitest.config.ts",
        "ui/teams-console/tsconfig.build.json",
        "ui/teams-console/fixture/**",
        "ui/teams-console/assets/**",
        "dsh-adapter/**",
        "memory-plugin/**",
        "search-plugin/**",
        "docs/**",
        "scripts/**",
        "AGENTS.md",
        "README.md",
        "package.json",
        "pnpm-workspace.yaml",
        "pnpm-lock.yaml",
        "tsconfig.json",
        "tsconfig.runtime.json",
        "vitest.config.ts",
        ".gitignore"
      ],
      "regression": {
        "allow_skipped": false,
        "command": {
          "args": [
            "test"
          ],
          "program": "pnpm",
          "working_directory": "."
        },
        "input_paths": [
          "agent/**",
          "agent-host/**",
          "endpoint/**",
          "config/**",
          "control-protocol/**",
          "network/**",
          "runtime/**",
          "server/**",
          "opencode-adapter/src/**",
          "opencode-adapter/tests/**",
          "opencode-adapter/separator.spec.ts",
          "opencode-adapter/package.json",
          "opencode-adapter/tsconfig.json",
          "opencode-adapter/tsdown.config.ts",
          "console-host/src/**",
          "console-host/tests/**",
          "console-host/static/**",
          "console-host/package.json",
          "console-host/tsconfig.json",
          "console-host/vitest.config.ts",
          "ui/teams-console/src/**",
          "ui/teams-console/tests/**",
          "ui/teams-console/package.json",
          "ui/teams-console/tsconfig.json",
          "ui/teams-console/vitest.config.ts",
          "ui/teams-console/tsconfig.build.json",
          "ui/teams-console/fixture/**",
          "ui/teams-console/assets/**",
          "dsh-adapter/**",
          "memory-plugin/**",
          "search-plugin/**",
          "scripts/**",
          "package.json",
          "pnpm-lock.yaml",
          "pnpm-workspace.yaml",
          "tsconfig.json",
          "tsconfig.runtime.json",
          "vitest.config.ts",
          "docs/architecture/**"
        ],
        "minimum_test_count": 304,
        "ordinary_mode_after_freeze": "disabled",
        "reenable_on": [
          "source_change",
          "contract_change",
          "public_api_change",
          "artifact_change",
          "dependency_change"
        ],
        "required_before_freeze": true,
        "suite_id": "teams-source-regression"
      },
      "source_owner": "teams-source",
      "stage": "source_implemented"
    }
  ],
  "project_id": "agentteams",
  "sdk": {
    "bundle_manifest": ".appsdk/contracts/sdk-bundle.manifest.json",
    "name": "appsdk",
    "resource_record": ".appsdk/sdk-resources.json",
    "version": "0.1.6"
  }
}
