 WARN  using --force I sure hope you know what you are doing
Scope: all 4 workspace projects
Lockfile is up to date, resolution step is skipped
Progress: resolved 1, reused 0, downloaded 0, added 0
Packages: +148
++++++++++++++++++++++++++++++++++++++++++++++++++++++++++++++++++++++++++++++++
Progress: resolved 148, reused 148, downloaded 0, added 148, done

dependencies:
+ toml 4.3.0
+ ws 8.21.3

devDependencies:
+ @types/node 22.20.1
+ @types/ws 8.18.1
+ typescript 6.0.3
+ vitest 4.1.11

╭ Warning ─────────────────────────────────────────────────────────────────────╮
│                                                                              │
│   Ignored build scripts: msgpackr-extract@3.0.4.                             │
│   Run "pnpm approve-builds" to pick which dependencies should be allowed     │
│   to run scripts.                                                            │
│                                                                              │
╰──────────────────────────────────────────────────────────────────────────────╯
Done in 771ms using pnpm v10.31.0
