
 RUN  v4.1.11 /Volumes/Intel/playground/agentteams/u6-session-implementation-20261006

(node:9584) ExperimentalWarning: Transform Types is an experimental feature and might change at any time
(Use `node --trace-warnings ...` to show where the warning was created)
   Compiling proc-macro2 v1.0.107
   Compiling quote v1.0.47
   Compiling unicode-ident v1.0.26
   Compiling serde_core v1.0.229
   Compiling zmij v1.0.23
   Compiling serde v1.0.229
   Compiling serde_json v1.0.151
   Compiling itoa v1.0.18
   Compiling memchr v2.8.3
   Compiling syn v3.0.6
   Compiling serde_derive v1.0.229
   Compiling pipeline_runtime v0.1.1 (/Users/fanzhang/.local/share/dagpipe/sdk)
   Compiling teams-dagpipe-runner v0.1.0 (/Volumes/Intel/playground/agentteams/u6-session-implementation-20261006/runtime/dagpipe/.build/build-OgvK2a)
    Finished `dev` profile [unoptimized + debuginfo] target(s) in 5.11s
stderr | runtime/agent-process.spec.ts > Session host admission, cancel causality and observation > separates observation degradation from owner readiness and contains expected errors
Promise returned by `expect(actual).resolves.toMatchObject(expected)` was not awaited. Vitest currently auto-awaits hanging assertions at the end of the test, but this will cause the test to fail in the next Vitest major. Please remember to await the assertion.
    at /Volumes/Intel/playground/agentteams/u6-session-implementation-20261006/runtime/agent-process.spec.ts:1310:62

 ✓ runtime/agent-process.spec.ts (38 tests) 29075ms
   ✓ executes remote Work in an actual Agent process, rejects duplicate ownership and restarts from durable state  5460ms
   ✓ keeps an Agent with an accepted model binding but an unresolved managed executable passive and unavailable  331ms
   ✓ persists unknown state before refusing a restart with active Work  356ms
   ✓ recovers a stale work lock only after the previous daemon lease is reacquired  342ms
   ✓ runs real persistent Camo browser Work through current SDK graphs and restores capacity  22018ms
   Compiling proc-macro2 v1.0.107
   Compiling quote v1.0.47
   Compiling unicode-ident v1.0.26
   Compiling serde_core v1.0.229
   Compiling zmij v1.0.23
   Compiling serde_json v1.0.151
   Compiling serde v1.0.229
   Compiling itoa v1.0.18
   Compiling memchr v2.8.3
   Compiling syn v3.0.6
   Compiling serde_derive v1.0.229
   Compiling pipeline_runtime v0.1.1 (/Users/fanzhang/.local/share/dagpipe/sdk)
   Compiling teams-dagpipe-runner v0.1.0 (/Volumes/Intel/playground/agentteams/u6-session-implementation-20261006/runtime/dagpipe/.build/build-LbY8bM)
    Finished `dev` profile [unoptimized + debuginfo] target(s) in 4.99s
 ✓ runtime/dagpipe-work.spec.ts (22 tests) 9127ms
     ✓ runs two real submits with distinct identities and real search results, then observes the original request without replay  391ms
     ✓ returns an explicit unknown result with retained provider responsibility when the request link drops  2058ms
stdout | runtime/local-process.spec.ts > turns a post-ready supervisor failure into cleanup and a nonzero launcher result
local supervisor ready config=/var/folders/jm/blkk8bbd6v78rv2pwxgxh3kr0000gn/T/teams-local-process-Tw95te/config.toml daemons=browser

 ✓ cli/package-install.spec.ts (24 tests) 44325ms
     ✓ allows declared SDK evidence and lifecycle record paths  415ms
     ✓ rejects unclassified or nested SDK record paths  672ms
     ✓ builds one base pack root with the root version and installable layout  706ms
     ✓ packs and installs the base tarball for public CLI and Console consumers  6128ms
     ✓ records base asset success without claiming installed lifecycle evidence  5426ms
     ✓ produces the final SDK package by default  11569ms
     ✓ requires real installed start/restart lifecycle evidence  11353ms
     ✓ rejects an emitted package receipt with missing or tampered candidate identity  470ms
 ✓ runtime/local-process.spec.ts (22 tests) 8192ms
   ✓ starts detached, reports persisted status, rejects stale stop, and survives caller return  1016ms
   ✓ keeps daemon state on the launcher generation and rejects stale writers  991ms
   ✓ persists the detached supervisor PID during the startup window  1012ms
   ✓ fails status explicitly when a persisted endpoint projection is missing or malformed  551ms
   ✓ recovers a dead launcher before restarting and stops only exact owned descendants  1093ms
   ✓ recovers the orphaned Console child when the launcher dies abnormally  1396ms
   ✓ rejects a live PID reuse even when the persisted launcher owner record matches  525ms
   ✓ rejects a live child persisted under a different launcher generation  510ms
   ✓ rejects dead-launcher recovery when a persisted child start token does not match  629ms
   Compiling proc-macro2 v1.0.107
   Compiling quote v1.0.47
   Compiling unicode-ident v1.0.26
   Compiling serde_core v1.0.229
   Compiling zmij v1.0.23
   Compiling serde_json v1.0.151
   Compiling serde v1.0.229
   Compiling itoa v1.0.18
   Compiling memchr v2.8.3
   Compiling syn v3.0.6
   Compiling serde_derive v1.0.229
 ✓ runtime/dagpipe-build.spec.ts (1 test) 6725ms
     ✓ keeps two concurrent native build consumers immutable and usable  6622ms
   Compiling pipeline_runtime v0.1.1 (/Users/fanzhang/.local/share/dagpipe/sdk)
   Compiling teams-dagpipe-runner v0.1.0 (/Volumes/Intel/playground/agentteams/u6-session-implementation-20261006/runtime/dagpipe/.build/build-4MHC5J)
    Finished `dev` profile [unoptimized + debuginfo] target(s) in 5.08s
 ✓ runtime/local-work-real-entry.spec.ts (1 test) 5572ms
   ✓ keeps public Work submit identity through the real runner and queries without replay  5571ms
 ✓ runtime/managed-opencode-session.spec.ts (1 test) 3396ms
   ✓ sends one real OpenCode Session request through the selected managed provider  3395ms
 ✓ ui/teams-console/tests/focus-dom.spec.ts (1 test) 3963ms
     ✓ moves outside focus into the drawer and wraps forward and backward Tab  3959ms
 ✓ cli/agentteams.spec.ts (24 tests) 2982ms
     ✓ direct node entry avoids source TS parameter properties and writes internal v2 from built runtime artifacts  393ms
 ✓ runtime/console-process.spec.ts (8 tests) 2578ms
   ✓ starts an enabled Console child, persists real lifecycle facts, and stops only Console  373ms
   ✓ reports a typed failure and preserves the persisted port when the Console port is occupied  691ms
   ✓ rejects a stale Console generation without rewriting durable facts  352ms
   ✓ serializes Console start and stop so a queued stop cannot be overtaken by a late start  333ms
   ✓ never spawns a second Console child while it still owns a live one  323ms
 ✓ runtime/local-two-agent.spec.ts (1 test) 2572ms
   ✓ starts two independent daemons from v3 config.toml, publishes enabled services and restarts cleanly  2571ms
 ✓ runtime/local-relay-bridge.spec.ts (1 test) 2233ms
   ✓ replays a config-driven local Relay bridge across independent daemon processes  2232ms
 ✓ runtime/local-supervisor.spec.ts (9 tests) 1785ms
   ✓ starts relay before enabled daemons and stops the owned children reentrantly  645ms
 ✓ runtime/managed-config-live.spec.ts (1 test) 4980ms
   ✓ applies accepted Teams config to a real isolated OpenCode child and reads effective revision  4980ms
 ✓ agent/work-resource.spec.ts (24 tests) 1001ms
 ✓ cli-adapter/fixed-process.spec.ts (6 tests) 1261ms
     ✓ reports a real child stdin close as an explicit process error  561ms
 ✓ server/relay.spec.ts (20 tests) 817ms
 ✓ runtime/local-config.spec.ts (36 tests) 879ms
   ✓ serializes concurrent internal state and Work control updates without dropping either field  303ms
 ✓ network/relay-client.spec.ts (21 tests) 573ms
 ✓ agent-host/cli-executor.spec.ts (10 tests) 588ms
   ✓ keeps a successful local browser destruction fact for a repeated close  308ms
 ✓ agent-host/work-host.spec.ts (7 tests) 534ms
 ✓ server/relay-process.spec.ts (6 tests) 476ms
   ✓ starts, admits, lists, exits, and restarts through the real Node entrypoint  366ms
 ✓ network/wss-connection.spec.ts (25 tests) 275ms
 ✓ runtime/console-runtime.spec.ts (1 test) 341ms
   ✓ owns an authenticated HTTPS listener and releases its relay registration on stop  340ms
 ✓ runtime/managed-config-owner.spec.ts (7 tests) 88ms
 ✓ runtime/managed-opencode.spec.ts (3 tests) 188ms
 ✓ runtime/agent-daemon.spec.ts (10 tests) 132ms
 ✓ network/direct-listener.spec.ts (8 tests) 162ms
 ✓ config/provider-model-client.spec.ts (18 tests) 65ms
stdout | runtime/local-work-control.spec.ts
u4-socket-receipt /Volumes/Intel/playground/agentteams/u6-session-implementation-20261006/generated/u4-receipts/local-work-control-UoImMc/socket-evidence.json

 ✓ runtime/local-work-control.spec.ts (16 tests) 64ms
 ✓ network/console-channel.spec.ts (2 tests) 46ms
 ✓ runtime/console-config.spec.ts (5 tests) 38ms
 ✓ console-host/tests/http-api.spec.ts (4 tests) 36ms
 ✓ ui/teams-console/tests/api.spec.ts (10 tests) 27ms
 ✓ agent/relation-graph.spec.ts (6 tests) 33ms
 ✓ console-host/tests/server.spec.ts (1 test) 29ms
 ✓ opencode-adapter/tests/index.spec.ts (39 tests) 15ms
 ✓ runtime/agent-process-config.spec.ts (5 tests) 17ms
 ✓ config/runtime-config.spec.ts (14 tests) 12ms
 ✓ runtime/agent-work-client.spec.ts (13 tests) 10ms
 ✓ runtime/console-hub.spec.ts (9 tests) 8ms
 ✓ ui/teams-console/tests/boundary.spec.ts (7 tests) 4ms
 ✓ cli-adapter/search-cli.spec.ts (5 tests) 9ms
 ✓ server/deployment-contract.spec.ts (4 tests) 7ms
 ✓ ui/teams-console/tests/controller.spec.ts (14 tests) 6ms
 ✓ control-protocol/console-wire.spec.ts (4 tests) 6ms
 ✓ control-protocol/console-api.spec.ts (6 tests) 6ms
 ✓ cli-adapter/browser-cli.spec.ts (6 tests) 7ms
 ✓ endpoint/registry.spec.ts (7 tests) 5ms
 ✓ agent-host/console-ingress.spec.ts (4 tests) 5ms
 ✓ control-protocol/relay-codec.spec.ts (5 tests) 4ms
 ✓ server/directory.spec.ts (5 tests) 6ms
 ✓ network/account-directory.spec.ts (6 tests) 4ms
 ✓ control-protocol/work-wire.spec.ts (5 tests) 4ms
 ✓ server/endpoint-discovery.spec.ts (4 tests) 5ms
 ✓ control-protocol/agent-message.spec.ts (14 tests) 5ms
 ✓ control-protocol/frames.spec.ts (13 tests) 5ms
 ✓ control-protocol/endpoint-ref.spec.ts (5 tests) 4ms
 ✓ ui/teams-console/tests/model.spec.ts (7 tests) 4ms
 ✓ network/peer-route.spec.ts (7 tests) 4ms
 ✓ network/host-registration.spec.ts (4 tests) 4ms
 ✓ network/route-plan.spec.ts (6 tests) 4ms
 ✓ runtime/daemon-runtime.spec.ts (7 tests) 4ms
 ✓ agent-host/agent-host.spec.ts (2 tests) 4ms
 ✓ control-protocol/channel-state.spec.ts (8 tests) 3ms
 ✓ memory-plugin/memory-record.spec.ts (2 tests) 3ms
 ✓ network/session-channel-registry.spec.ts (4 tests) 3ms
 ✓ agent/notification-projection.spec.ts (3 tests) 3ms
 ✓ opencode-adapter/tests/managed-config.spec.ts (3 tests) 3ms
 ✓ console-host/tests/auth.spec.ts (1 test) 3ms
 ✓ cli-adapter/cli.spec.ts (2 tests) 3ms
 ✓ server/admission.spec.ts (2 tests) 2ms
 ✓ network/target-transport.spec.ts (3 tests) 2ms
 ✓ control-protocol/relation-report.spec.ts (2 tests) 2ms
 ✓ config/config-boundary.spec.ts (3 tests) 2ms
 ✓ ui/teams-console/tests/contract-compat.spec.ts (2 tests) 2ms
 ✓ agent/agent-boundary.spec.ts (1 test) 2ms
 ✓ search-plugin/search-index.spec.ts (2 tests) 2ms
 ✓ runtime/console-work-projection.spec.ts (1 test) 2ms
 ✓ network/link.spec.ts (2 tests) 2ms
 ✓ ui/teams-console/tests/locale.spec.ts (1 test) 2ms

 Test Files  81 passed (81)
      Tests  669 passed (669)
   Start at  06:33:05
   Duration  74.08s (transform 1.32s, setup 0ms, import 3.29s, tests 135.38s, environment 4ms)

REG_EXIT=0
